// Jest Snapshot v1, https://goo.gl/fbAQLP

exports[`<AmenitiesDisplay /> should render properly 1`] = `
<div
  className="container"
>
  <hr
    className="pageBreak"
  />
  <div
    className="title"
  >
    Amenities
  </div>
  <div
    className="columns"
  >
    <div />
    <div
      className="rightColumn"
    />
  </div>
  <button
    className="button"
    onClick={[Function]}
    type="button"
  >
    Show all 
    0
     amenities
  </button>
  <Amenities
    amenities={Object {}}
    hideAmenities={[Function]}
    showModal={false}
  />
</div>
`;
