// Jest Snapshot v1, https://goo.gl/fbAQLP

exports[`<Description /> should render properly 1`] = `
<div
  className="container"
>
  <p />
  <DescriptionExtended
    descriptionExtended={
      Object {
        "GUEST ACCESS": "USE THE DOOR",
        "THE SPACE": "IT'S LARGE",
        "VERY IMPORTANT:": "DON'T TOUCH THINGS",
      }
    }
    hideDescription={[Function]}
    showDescriptionExtended={false}
  />
  <button
    className="button"
    onClick={[Function]}
    type="button"
  >
    Read more about the space
  </button>
</div>
`;
