// Jest Snapshot v1, https://goo.gl/fbAQLP

exports[`<Header /> should render properly 1`] = `
<div
  className="container"
>
  <div>
    <span
      className="livingSpace"
    >
      ENTIRE 
      APARTMENT
    </span>
  </div>
  <div
    className="name"
  >
    Cozy thing
  </div>
  <div>
    San Francisco
  </div>
</div>
`;
