// Jest Snapshot v1, https://goo.gl/fbAQLP

exports[`<HomeHighlight /> should render properly 1`] = `
<div
  className="container"
>
  <Highlight
    highlight={
      Object {
        "details": "Easily check yourself in with the lockbox.",
        "highlight": "Self Check-in",
      }
    }
  />
  <Thumbs
    handleClick={[Function]}
  />
</div>
`;
